V "4.8.14.0"
R
C 3
= 0x55fabaedb078
R
P 0x55fabaedb078
S "model"
S "true"
C 5
R
P 0x55fabaedb078
S "proof"
S "false"
C 5
R
P 0x55fabaedb078
C 7
= 0x55fabaedb108
R
P 0x55fabaedb078
C 4
R
P 0x55fabaedb108
U 2
C 365
R
P 0x55fabaedb108
C 375
R
P 0x55fabaedb108
C 33
= 0x55fabaee5408
R
P 0x55fabaedb108
C 375
R
P 0x55fabaedb108
P 0x55fabaee5408
C 9
R
P 0x55fabaedb108
S "v"
C 30
R
P 0x55fabaedb108
C 375
R
P 0x55fabaedb108
$ |v|
P 0x55fabaee5408
C 51
= 0x55fabaee5ca8
R
P 0x55fabaedb108
C 375
R
P 0x55fabaedb108
P 0x55fabaee5ca8
C 9
R
P 0x55fabaedb108
P 0x55fabaee5ca8
C 366
R
P 0x55fabaedb108
C 375
R
P 0x55fabaedb108
P 0x55fabaee5ca8
C 285
= 0x55fabaee5408
R
P 0x55fabaedb108
C 375
R
P 0x55fabaedb108
P 0x55fabaee5408
C 9
R
P 0x55fabaedb108
P 0x55fabaee5408
C 240
R
P 0x55fabaedb108
C 375
